
> client@0.0.0 build
> tsc -b && vite build

src/pages/Dashboard.tsx(77,55): error TS2322: Type 'string | null' is not assignable to type 'string | undefined'.
  Type 'null' is not assignable to type 'string | undefined'.
npm error Lifecycle script `build` failed with error:
npm error code 2
npm error path D:\PROJECTS\CampusVault_3.0\client
npm error workspace client@0.0.0
npm error location D:\PROJECTS\CampusVault_3.0\client
npm error command failed
npm error command C:\WINDOWS\system32\cmd.exe /d /s /c tsc -b && vite build
